23:47:38 **** Incremental Build of configuration Debug for project GPIO_3 ****
make -j2 all 
arm-none-eabi-gcc "../Core/Src/main.c" -mcpu=cortex-m0 -std=gnu11 -g3 -DUSE_HAL_DRIVER -DSTM32F072xB -DDEBUG -c -I../Core/Inc -I../Drivers/STM32F0xx_HAL_Driver/Inc -I../Drivers/STM32F0xx_HAL_Driver/Inc/Legacy -I../Drivers/CMSIS/Device/ST/STM32F0xx/Include -I../Drivers/CMSIS/Include -O0 -ffunction-sections -fdata-sections -Wall -fstack-usage -MMD -MP -MF"Core/Src/main.d" -MT"Core/Src/main.o" --specs=nano.specs -mfloat-abi=soft -mthumb -o "Core/Src/main.o"
arm-none-eabi-gcc -o "GPIO_3.elf" @"objects.list"   -mcpu=cortex-m0 -T"C:\Video\GPIO\GPIO_3\STM32F072C8TX_FLASH.ld" --specs=nosys.specs -Wl,-Map="GPIO_3.map" -Wl,--gc-sections -static --specs=nano.specs -mfloat-abi=soft -mthumb -Wl,--start-group -lc -lm -Wl,--end-group
Finished building target: GPIO_3.elf
 
arm-none-eabi-objdump -h -S  GPIO_3.elf  > "GPIO_3.list"
arm-none-eabi-objcopy  -O binary  GPIO_3.elf  "GPIO_3.bin"
Finished building: GPIO_3.bin
 
arm-none-eabi-size   GPIO_3.elf 
   text	   data	    bss	    dec	    hex	filename
   5408	     24	   1576	   7008	   1b60	GPIO_3.elf
Finished building: default.size.stdout
 
Finished building: GPIO_3.list
 

23:47:41 Build Finished. 0 errors, 0 warnings. (took 2s.886ms)

